// Jest Snapshot v1, https://goo.gl/fbAQLP

exports[`Typescript 4.3 detects errors 1`] = `
"59:2 - Type '{ unknownProperty: number; }' is not assignable to type 'Properties<0 | NonNullableString, NonNullableString>'.
  Object literal may only specify known properties, and 'unknownProperty' does not exist in type 'Properties<0 | NonNullableString, NonNullableString>'."
`;

exports[`Typescript 4.3 detects errors 2`] = `
"69:6 - Type '{}' is not assignable to type 'string & {}'.
  Type '{}' is not assignable to type 'string'."
`;

exports[`Typescript 4.3 detects errors 3`] = `
"74:10 - Type '"auto" | NonNullableString' is not assignable to type '"auto"'.
  Type 'NonNullableString' is not assignable to type '"auto"'."
`;

exports[`Typescript 4.3 detects errors 4`] = `"89:10 - Type 'number' is not assignable to type '0'."`;

exports[`Typescript 4.3 detects errors 5`] = `"103:12 - Type 'number' is not assignable to type '0'."`;

exports[`Typescript 4.3 detects errors 6`] = `"127:10 - Type 'number' is not assignable to type '0'."`;

exports[`Typescript 4.3 detects errors 7`] = `"141:12 - Type 'number' is not assignable to type '0'."`;
